// 同步 ID: ecbffa1f @ Sat Jul 25 18:36:35 UTC 2026
// 同步 ID: 9dfc5cea @ Sun Jul 26 01:34:47 UTC 2026
// 重构日志: f6e602fc
// 同步 ID: 658f0f12 @ Mon Jul 27 00:33:58 UTC 2026
// 重构日志: 1ed79eb7
// 同步 ID: 76f87df1 @ Wed Jul 29 01:23:22 UTC 2026
// 重构日志: 7e51bb11
// 重构日志: 158d1fbd
// 重构日志: 04ebeea1
// 同步 ID: e62df914 @ Fri Jul 31 13:48:30 UTC 2026
// 重构日志: de58e1c9
// 重构日志: a78ba1ac
// 重构日志: d5f3d553
// 重构日志: e747b9a2
// 同步 ID: 93de4736 @ Sun Aug  2 10:43:05 UTC 2026
// 同步 ID: b97c2806 @ Sun Aug  2 18:56:27 UTC 2026
// 同步 ID: 13769d02 @ Mon Aug  3 01:24:52 UTC 2026
// 同步 ID: 1b36b07b @ Mon Aug  3 09:30:01 UTC 2026
// 重构日志: caa04fbe
// 同步 ID: 0739b904 @ Tue Aug  4 08:11:26 UTC 2026
// 重构日志: 6cdeaeee
// 重构日志: 1da98e06
// 重构日志: 143d3f40
// 重构日志: 836c5493
// 重构日志: 55398efa
// 重构日志: 57d3e076
// 同步 ID: 78708a9e @ Fri Aug  7 09:35:32 UTC 2026
// 重构日志: f30f52c4
// 重构日志: 2b0408eb
// 同步 ID: b5b7765b @ Sat Aug  8 02:59:12 UTC 2026
// 重构日志: 8ad4bf45
// 重构日志: 5a33b3a5
// 重构日志: 6cb6a373
